// Jest Snapshot v1, https://goo.gl/fbAQLP

exports[`ProfileDetails UI render features view should render as expected 1`] = `
<article
  className="profileSection"
>
  <div
    className="myProfile"
    id="profile"
  >
    <header>
      <h1
        id="fullname"
      >
        firstname lastname
      </h1>
    </header>
    <div
      className="firstName"
    >
      <b>
        Name:
      </b>
       
      <span
        id="firstname"
      >
        firstname
      </span>
    </div>
    <div
      className="lastName"
    >
      <b>
        Surname:
      </b>
       
      <span
        id="lastname"
      >
        lastname
      </span>
    </div>
    <div
      className="email"
    >
      <b>
        Email:
      </b>
       
      <span
        id="email"
      >
        email
      </span>
    </div>
    <div
      className="entriesNumber"
    >
      <b>
        Entries:
      </b>
       
      <span
        id="entryno"
      >
        entry count
      </span>
    </div>
  </div>
</article>
`;
